// Jest Snapshot v1, https://goo.gl/fbAQLP

exports[`Component: Map should render map correctly 1`] = `
<DocumentFragment>
  <section
    class="map cities__map leaflet-container leaflet-grab leaflet-touch-drag"
    data-testid="map"
    style="position: relative;"
    tabindex="0"
  >
    <div
      class="leaflet-pane leaflet-map-pane"
      style="left: 0px; top: 0px;"
    >
      <div
        class="leaflet-pane leaflet-tile-pane"
      >
        <div
          class="leaflet-layer "
          style="z-index: 1;"
        >
          <div
            class="leaflet-tile-container leaflet-zoom-animated"
            style="z-index: 18; left: 0px; top: 0px;"
          >
            <img
              alt=""
              class="leaflet-tile"
              role="presentation"
              src="https://b.tile.thunderforest.com/spinal-map/12/2161/1323.png?apikey=b42a4fe28722439084924941798385fc"
              style="width: 256px; height: 256px; left: -181px; top: -203px;"
            />
          </div>
        </div>
      </div>
      <div
        class="leaflet-pane leaflet-shadow-pane"
      />
      <div
        class="leaflet-pane leaflet-overlay-pane"
      />
      <div
        class="leaflet-pane leaflet-marker-pane"
      >
        <img
          alt=""
          class="leaflet-marker-icon leaflet-zoom-hide leaflet-interactive"
          src="/img/pin-active.svg"
          style="margin-left: -13.5px; margin-top: -39px; width: 27px; height: 39px; left: 23px; top: -35px; z-index: -35;"
          tabindex="0"
        />
        <img
          alt=""
          class="leaflet-marker-icon leaflet-zoom-hide leaflet-interactive"
          src="/img/pin.svg"
          style="margin-left: -13.5px; margin-top: -39px; width: 27px; height: 39px; left: -14872px; top: 5719px; z-index: 5719;"
          tabindex="0"
        />
        <img
          alt=""
          class="leaflet-marker-icon leaflet-zoom-hide leaflet-interactive"
          src="/img/pin.svg"
          style="margin-left: -13.5px; margin-top: -39px; width: 27px; height: 39px; left: -8880px; top: 12535px; z-index: 12535;"
          tabindex="0"
        />
        <img
          alt=""
          class="leaflet-marker-icon leaflet-zoom-hide leaflet-interactive"
          src="/img/pin.svg"
          style="margin-left: -13.5px; margin-top: -39px; width: 27px; height: 39px; left: -14784px; top: 5771px; z-index: 5771;"
          tabindex="0"
        />
        <img
          alt=""
          class="leaflet-marker-icon leaflet-zoom-hide leaflet-interactive"
          src="/img/pin.svg"
          style="margin-left: -13.5px; margin-top: -39px; width: 27px; height: 39px; left: -8787px; top: 12383px; z-index: 12383;"
          tabindex="0"
        />
        <img
          alt=""
          class="leaflet-marker-icon leaflet-zoom-hide leaflet-interactive"
          src="/img/pin.svg"
          style="margin-left: -13.5px; margin-top: -39px; width: 27px; height: 39px; left: -22239px; top: 21844px; z-index: 21844;"
          tabindex="0"
        />
        <img
          alt=""
          class="leaflet-marker-icon leaflet-zoom-hide leaflet-interactive"
          src="/img/pin.svg"
          style="margin-left: -13.5px; margin-top: -39px; width: 27px; height: 39px; left: -9354px; top: 11028px; z-index: 11028;"
          tabindex="0"
        />
        <img
          alt=""
          class="leaflet-marker-icon leaflet-zoom-hide leaflet-interactive"
          src="/img/pin.svg"
          style="margin-left: -13.5px; margin-top: -39px; width: 27px; height: 39px; left: -16399px; top: 12876px; z-index: 12876;"
          tabindex="0"
        />
        <img
          alt=""
          class="leaflet-marker-icon leaflet-zoom-hide leaflet-interactive"
          src="/img/pin.svg"
          style="margin-left: -13.5px; margin-top: -39px; width: 27px; height: 39px; left: -44px; top: -70px; z-index: -70;"
          tabindex="0"
        />
        <img
          alt=""
          class="leaflet-marker-icon leaflet-zoom-hide leaflet-interactive"
          src="/img/pin.svg"
          style="margin-left: -13.5px; margin-top: -39px; width: 27px; height: 39px; left: -16367px; top: 12844px; z-index: 12844;"
          tabindex="0"
        />
      </div>
      <div
        class="leaflet-pane leaflet-tooltip-pane"
      />
      <div
        class="leaflet-pane leaflet-popup-pane"
      />
    </div>
    <div
      class="leaflet-control-container"
    >
      <div
        class="leaflet-top leaflet-left"
      />
      <div
        class="leaflet-top leaflet-right"
      />
      <div
        class="leaflet-bottom leaflet-left"
      />
      <div
        class="leaflet-bottom leaflet-right"
      >
        <div
          class="leaflet-control-attribution leaflet-control"
        >
          <a
            href="https://leafletjs.com"
            title="A JS library for interactive maps"
          >
            Leaflet
          </a>
           | © 
          <a
            href="http://www.thunderforest.com/"
          >
            Thunderforest
          </a>
          , © 
          <a
            href="https://www.openstreetmap.org/copyright"
          >
            OpenStreetMap
          </a>
           contributors
        </div>
      </div>
    </div>
  </section>
</DocumentFragment>
`;
