// Jest Snapshot v1, https://goo.gl/fbAQLP

exports[`Component: CommentRatingList should render CommentRatingList 1`] = `undefined`;
